[backblue.gif]
[fade.gif]
[index.html]
[www.networkinfrastructure.biz/files/1814/6539/3001/netinf_16.ico]
[www.networkinfrastructure.biz/files/7114/6539/2997/netinf_57.png]
[www.networkinfrastructure.biz/packages/whale_nivo_slider/blocks/whale_nivo_slider/js/jquery.nivo.slider.pack.js]
[use.fontawesome.com/669425903a.js]
[www.networkinfrastructure.biz/themes/netinf/images/netinf_logo.png]
[www.networkinfrastructure.biz/files/1714/6541/7387/banner_1.png]
[www.networkinfrastructure.biz/files/4314/6541/7389/banner_2.png]
[www.networkinfrastructure.biz/files/2814/6541/7390/banner_3.png]
[www.networkinfrastructure.biz/files/cache/7266efd5d3dec9fdd6873e380c8b40d9_f4.png]
[www.networkinfrastructure.biz/files/cache/f7612afbb5438e022ac794fefb9e576a_f5.png]
[www.networkinfrastructure.biz/themes/netinf/js/bootstrap.min.js]
[www.networkinfrastructure.biz/themes/netinf/js/twitter-bootstrap-hover-dropdown.js]
[www.networkinfrastructure.biz/index.html]
[www.networkinfrastructure.biz/index-2.html]
[www.networkinfrastructure.biz/packages/whale_nivo_slider/blocks/whale_nivo_slider/css/nivo-slider.css]
[www.networkinfrastructure.biz/packages/whale_nivo_slider/css/nivo_themes/default/loading.gif]
[www.networkinfrastructure.biz/packages/whale_nivo_slider/css/nivo_themes/default/bullets.png]
[www.networkinfrastructure.biz/packages/whale_nivo_slider/css/nivo_themes/default/arrows.png]
[www.networkinfrastructure.biz/packages/whale_nivo_slider/css/nivo_themes/default/default.css]
[www.networkinfrastructure.biz/files/cache/css/netinf/css/bootstrap.css]
[www.networkinfrastructure.biz/files/cache/css/netinf/css/bootstrap-responsive.css]
[www.networkinfrastructure.biz/files/cache/css/netinf/css/font-awesome.css]
[www.networkinfrastructure.biz/files/cache/css/netinf/netinf_custom.css]
[www.networkinfrastructure.biz/files/cache/css/netinf/typography.css]
[www.networkinfrastructure.biz/themes/netinf/images/123rF-18980085_xxl.png]
[www.networkinfrastructure.biz/files/cache/css/netinf/theme-style.css]
[www.networkinfrastructure.biz/favicon.html]
[www.networkinfrastructure.biz/about-us/company-history/index.html]
[www.networkinfrastructure.biz/about-us/mission-statement/index.html]
[www.networkinfrastructure.biz/about-us/management-team/index.html]
[www.networkinfrastructure.biz/files/cache/0bdfee7afec446d77eb673ab61dda905_f43.png]
[www.networkinfrastructure.biz/professional-services/index.html]
[www.networkinfrastructure.biz/files/9314/6540/6173/healthSafety1.jpg]
[www.networkinfrastructure.biz/files/4514/6540/6210/healthSafety2.jpg]
[www.networkinfrastructure.biz/files/2114/6540/6219/healthSafety3.jpg]
[www.networkinfrastructure.biz/files/4214/6540/6232/healthSafety4.jpg]
[www.networkinfrastructure.biz/files/2214/6540/6240/healthSafety5.jpg]
[www.networkinfrastructure.biz/files/2114/6540/6258/safetyPartners.gif]
[www.networkinfrastructure.biz/health-safety/index.html]
[www.networkinfrastructure.biz/employment/index.html]
[www.networkinfrastructure.biz/training-academy/index.html]
[www.networkinfrastructure.biz/news/index.html]
[www.networkinfrastructure.biz/projects/index.html]
[www.networkinfrastructure.biz/packages/custom_contact_form/blocks/custom_contact_form/js/jquery.placeholder.min.js]
[www.networkinfrastructure.biz/contact-us/index.html]
[www.networkinfrastructure.biz/about-us/index.html]
[www.networkinfrastructure.biz/sitemap.html]
[www.networkinfrastructure.biz/themes/img/glyphicons-halflings.html]
[www.networkinfrastructure.biz/themes/img/glyphicons-halflings-white.html]
[www.networkinfrastructure.biz/themes/theme_karma/font/fontawesome-webfontf77b.html]
[www.networkinfrastructure.biz/themes/theme_karma/font/fontawesome-webfontd41d.html]
[www.networkinfrastructure.biz/themes/theme_karma/font/fontawesome-webfontf77b-2.html]
[www.networkinfrastructure.biz/themes/theme_karma/font/fontawesome-webfontf77b-3.html]
[www.networkinfrastructure.biz/themes/theme_karma/font/fontawesome-webfont.html]
[www.networkinfrastructure.biz/about-us/company-history/favicon.html]
[www.networkinfrastructure.biz/about-us/mission-statement/favicon.html]
[www.networkinfrastructure.biz/about-us/management-team/favicon.html]
[www.networkinfrastructure.biz/professional-services/favicon.html]
[www.networkinfrastructure.biz/health-safety/favicon.html]
[www.networkinfrastructure.biz/employment/favicon.html]
[www.networkinfrastructure.biz/training-academy/favicon.html]
[www.networkinfrastructure.biz/news/favicon.html]
[www.networkinfrastructure.biz/projects/favicon.html]
[www.networkinfrastructure.biz/packages/custom_contact_form/blocks/custom_contact_form/view.css]
[www.networkinfrastructure.biz/contact-us/favicon.html]
[www.networkinfrastructure.biz/about-us/favicon.html]
